============================= test session starts =============================
platform win32 -- Python 3.12.12, pytest-9.0.2, pluggy-1.6.0 -- C:\ProgramData\miniforge3\python.exe
cachedir: .pytest_cache
rootdir: C:\kuroko-ops\tests
configfile: pytest.ini
plugins: anyio-4.12.1, asyncio-1.3.0
asyncio: mode=Mode.AUTO, debug=False, asyncio_default_fixture_loop_scope=function, asyncio_default_test_loop_scope=function
collecting ... collected 3 items

tests\test_llm_client.py::test_llm_client_initialization PASSED          [ 33%]
tests\test_llm_client.py::test_llm_client_chat FAILED                    [ 66%]
tests\test_llm_client.py::test_async_llm_client_chat FAILED              [100%]

================================== FAILURES ===================================
____________________________ test_llm_client_chat _____________________________
tests\test_llm_client.py:23: in test_llm_client_chat
    response = client.chat([{"role": "user", "content": "Hi"}])
               ^^^^^^^^^^^^^^^^^^^^^^^^^^^^^^^^^^^^^^^^^^^^^^^^
apps\backend\core\llm_client.py:21: in chat
    response = self.client.chat.completions.create(
C:\Users\gabri\AppData\Roaming\Python\Python312\site-packages\openai\_utils\_utils.py:286: in wrapper
    return func(*args, **kwargs)
           ^^^^^^^^^^^^^^^^^^^^^
C:\Users\gabri\AppData\Roaming\Python\Python312\site-packages\openai\resources\chat\completions\completions.py:1192: in create
    return self._post(
C:\Users\gabri\AppData\Roaming\Python\Python312\site-packages\openai\_base_client.py:1297: in post
    return cast(ResponseT, self.request(cast_to, opts, stream=stream, stream_cls=stream_cls))
                           ^^^^^^^^^^^^^^^^^^^^^^^^^^^^^^^^^^^^^^^^^^^^^^^^^^^^^^^^^^^^^^^^^
C:\Users\gabri\AppData\Roaming\Python\Python312\site-packages\openai\_base_client.py:1070: in request
    raise self._make_status_error_from_response(err.response) from None
E   openai.AuthenticationError: Error code: 401 - {'error': {'message': 'User not found.', 'code': 401}}
_________________________ test_async_llm_client_chat __________________________
tests\test_llm_client.py:42: in test_async_llm_client_chat
    response = await client.chat([{"role": "user", "content": "Hi"}])
               ^^^^^^^^^^^^^^^^^^^^^^^^^^^^^^^^^^^^^^^^^^^^^^^^^^^^^^
apps\backend\core\async_llm_client.py:20: in chat
    response = await self.client.chat.completions.create(
C:\Users\gabri\AppData\Roaming\Python\Python312\site-packages\openai\resources\chat\completions\completions.py:2678: in create
    return await self._post(
C:\Users\gabri\AppData\Roaming\Python\Python312\site-packages\openai\_base_client.py:1884: in post
    return await self.request(cast_to, opts, stream=stream, stream_cls=stream_cls)
           ^^^^^^^^^^^^^^^^^^^^^^^^^^^^^^^^^^^^^^^^^^^^^^^^^^^^^^^^^^^^^^^^^^^^^^^
C:\Users\gabri\AppData\Roaming\Python\Python312\site-packages\openai\_base_client.py:1669: in request
    raise self._make_status_error_from_response(err.response) from None
E   openai.AuthenticationError: Error code: 401 - {'error': {'message': 'User not found.', 'code': 401}}
=========================== short test summary info ===========================
FAILED tests\test_llm_client.py::test_llm_client_chat - openai.Authentication...
FAILED tests\test_llm_client.py::test_async_llm_client_chat - openai.Authenti...
========================= 2 failed, 1 passed in 2.29s =========================
